V3 32
FL "C:/Embedded System Prog/VHDL/VGA/counter.vhd" 2018/08/19.00:34:17 P.20131013
FL "C:/Embedded System Prog/VHDL/VGA/IN_CLOCK_OUT.vhd" 2018/08/19.00:43:23 P.20131013
FL "C:/Embedded System Prog/VHDL/VGA/topmodule.vhd" 2018/08/19.01:41:34 P.20131013
FL "C:/Embedded System Prog/VHDL/VGA/VGA_sync.vhd" 2018/08/19.01:32:49 P.20131013
FL C:/Users/Utilisateur/Desktop/VGA/counter.vhd 2018/08/19.00:34:17 P.20131013
FL C:/Users/Utilisateur/Desktop/VGA/IN_CLOCK_OUT.vhd 2018/08/19.00:43:23 P.20131013
FL C:/Users/Utilisateur/Desktop/VGA/topmodule.vhd 2019/04/11.22:25:39 P.20131013
FL C:/Users/Utilisateur/Desktop/VGA/VGA_sync.vhd 2019/04/11.22:35:45 P.20131013
FL C:/Users/Utilisateur/Desktop/VGA_1_Shoot/counter.vhd 2018/08/19.00:34:17 P.20131013
FL C:/Users/Utilisateur/Desktop/VGA_1_Shoot/IN_CLOCK_OUT.vhd 2018/08/19.00:43:23 P.20131013
FL C:/Users/Utilisateur/Desktop/VGA_1_Shoot/topmodule.vhd 2019/04/11.22:44:29 P.20131013
FL C:/Users/Utilisateur/Desktop/VGA_1_Shoot/VGA_sync.vhd 2019/04/11.23:07:18 P.20131013
FL C:/Users/Utilisateur/Desktop/VGA_VHDL/counter.vhd 2018/08/19.00:34:17 P.20131013
EN work/counter 1558136256 FL C:/Users/Utilisateur/Desktop/VGA_VHDL/counter.vhd \
      PB ieee/std_logic_1164 1381692176 PB ieee/NUMERIC_STD 1381692181
AR work/counter/Behavioral 1558136257 \
      FL C:/Users/Utilisateur/Desktop/VGA_VHDL/counter.vhd EN work/counter 1558136256
FL C:/Users/Utilisateur/Desktop/VGA_VHDL/IN_CLOCK_OUT.vhd 2018/08/19.00:43:23 P.20131013
EN work/IN_CLOCK_OUT 1558136254 \
      FL C:/Users/Utilisateur/Desktop/VGA_VHDL/IN_CLOCK_OUT.vhd \
      PB ieee/std_logic_1164 1381692176 PB ieee/NUMERIC_STD 1381692181 LB UNISIM \
      PH unisim/VCOMPONENTS 1381692182
AR work/IN_CLOCK_OUT/BEHAVIORAL 1558136255 \
      FL C:/Users/Utilisateur/Desktop/VGA_VHDL/IN_CLOCK_OUT.vhd \
      EN work/IN_CLOCK_OUT 1558136254 CP BUFG CP IBUFG CP DCM_SP
FL C:/Users/Utilisateur/Desktop/VGA_VHDL/topmodule.vhd 2019/05/14.00:12:34 P.20131013
EN work/topmodule 1558136260 \
      FL C:/Users/Utilisateur/Desktop/VGA_VHDL/topmodule.vhd \
      PB ieee/std_logic_1164 1381692176 LB work
AR work/topmodule/Behavioral 1558136261 \
      FL C:/Users/Utilisateur/Desktop/VGA_VHDL/topmodule.vhd EN work/topmodule 1558136260 \
      CP IN_CLOCK_OUT CP counter CP VGA_sync
FL C:/Users/Utilisateur/Desktop/VGA_VHDL/VGA_sync.vhd 2019/05/14.00:12:34 P.20131013
EN work/VGA_sync 1558136258 FL C:/Users/Utilisateur/Desktop/VGA_VHDL/VGA_sync.vhd \
      PB ieee/std_logic_1164 1381692176 PB ieee/NUMERIC_STD 1381692181
AR work/VGA_sync/Behavioral 1558136259 \
      FL C:/Users/Utilisateur/Desktop/VGA_VHDL/VGA_sync.vhd EN work/VGA_sync 1558136258
